
[38;5;11m[1mIMPORTANT[0m
Feeding the Werewolves

While werewolves are hardy community members, keep in mind the following dietary concerns:


 1. They are allergic to cinnamon.
 2. More than two glasses of orange juice in 24 hours makes them howl in harmony with alarms and sirens.
 3. Celery makes them sad.
[38;5;11m[1mâ€¢ â€¢ â€¢[0m
