This is a paragraph.

// A comment block
// that spans multiple lines.


[38;5;14m[1mEXAMPLE[0m
This is an example of an example block.
That's so meta.

[38;5;14m[1mâ€¢ â€¢ â€¢[0m
