[1m[4mSimple Test[0m

This has a footnote [38;5;14m[1m[1][0m .

Another foo  [38;5;14m[1m[2][0m .


â”€â”€â”€â”€â”€
[38;5;14m[1m[1][0m Simple footnote content
[38;5;14m[1m[2][0m A [1mnaff[0m footnote
