[1m[4mDocument Title[0m

[1mTable of Contents[0m
Section 1
 Section 1.1
Section 2

> Section 1 <
This is the content of section 1.

> Section 1.1 <
This is the content of section 1.1.

> Section 1.1.1 <
This is the content of section 1.1.1.

> Section 2 <
This is the content of section 2.

