[1mTable of Contents[0m
A list of sorts:

> A list of sorts: <

 1. Item 1
 2. Item 2
 3. Item 3
