[1m[4mA table[0m

[1mTable of Contents[0m
The table

> The table <

╭─────────────┬──────────────┬──────────────┬──────────────────╮
│[38;5;10m[1m Feature     [0m┆[38;5;10m[1m Asciidoctor  [0m┆[38;5;10m[1m ACDC         [0m┆[38;5;10m[1m Notes            [0m│
│[38;5;10m[1m             [0m┆[38;5;10m[1m              [0m┆[38;5;10m[1m              [0m┆[38;5;10m[1m                  [0m│
│[38;5;10m[1m             [0m┆[38;5;10m[1m              [0m┆[38;5;10m[1m              [0m┆[38;5;10m[1m                  [0m│
╞═════════════╪══════════════╪══════════════╪══════════════════╡
│ Sections    ┆ ✅ Supported ┆ ✅ Supported ┆ Up to 6 levels   │
│             ┆              ┆              ┆                  │
│             ┆              ┆              ┆                  │
├╌╌╌╌╌╌╌╌╌╌╌╌╌┼╌╌╌╌╌╌╌╌╌╌╌╌╌╌┼╌╌╌╌╌╌╌╌╌╌╌╌╌╌┼╌╌╌╌╌╌╌╌╌╌╌╌╌╌╌╌╌╌┤
│ Lists       ┆ ✅ Supported ┆ ✅ Supported ┆ All types        │
│             ┆              ┆              ┆                  │
│             ┆              ┆              ┆                  │
├╌╌╌╌╌╌╌╌╌╌╌╌╌┼╌╌╌╌╌╌╌╌╌╌╌╌╌╌┼╌╌╌╌╌╌╌╌╌╌╌╌╌╌┼╌╌╌╌╌╌╌╌╌╌╌╌╌╌╌╌╌╌┤
│ Tables      ┆ ✅ Supported ┆ ⚠️Partial    ┆ PSV and DSV only │
│             ┆              ┆              ┆                  │
│             ┆              ┆              ┆                  │
├╌╌╌╌╌╌╌╌╌╌╌╌╌┼╌╌╌╌╌╌╌╌╌╌╌╌╌╌┼╌╌╌╌╌╌╌╌╌╌╌╌╌╌┼╌╌╌╌╌╌╌╌╌╌╌╌╌╌╌╌╌╌┤
│ Stem blocks ┆ ✅ Supported ┆ ❌ Missing   ┆ Planned for 0.3  │
│             ┆              ┆              ┆                  │
│             ┆              ┆              ┆                  │
╰─────────────┴──────────────┴──────────────┴──────────────────╯
