[1mTable of Contents[0m
A list of sorts:

> A list of sorts: <

 * Item 1
 * Item 2
 * Item 3
