Visit  https://example.com/  for more information.

You can also check  https://github.com/anthropics/claude-code  or  https://docs.anthropic.com/ .

Here's a URL with attributes:  https://rust-lang.org/ .

